// Jest Snapshot v1, https://goo.gl/fbAQLP

exports[`Storyshots Section Default 1`] = `
<RCTScrollView
  style={
    Array [
      Object {},
      undefined,
    ]
  }
>
  <View>
    <View
      accessibilityRole="region"
      style={
        Array [
          Object {
            "alignItems": "center",
            "justifyContent": "center",
          },
          Array [
            Object {},
            undefined,
          ],
        ]
      }
    >
      <Text
        accessible={true}
        allowFontScaling={true}
        ellipsizeMode="tail"
        style={
          Array [
            Object {
              "color": "#333333",
              "fontFamily": "Helvetica",
              "fontSize": 12.25,
              "fontWeight": "500",
            },
            undefined,
          ]
        }
      >
        Some content
      </Text>
    </View>
  </View>
</RCTScrollView>
`;
