// Jest Snapshot v1, https://goo.gl/fbAQLP

exports[`Storyshots AppHeader default 1`] = `
<div
  className="sc-gzVnrw hojkDk"
>
  <p>
    Some content
  </p>
</div>
`;
