// Jest Snapshot v1, https://goo.gl/fbAQLP

exports[`Storyshots Button button with text 1`] = `
<div
  className="rn-alignItems-1awozwy rn-borderTopStyle-1efd50x rn-borderRightStyle-14skgim rn-borderBottomStyle-rull8r rn-borderLeftStyle-mm0ijv rn-borderTopWidth-13yce4e rn-borderRightWidth-fnigne rn-borderBottomWidth-ndvcnb rn-borderLeftWidth-gxnn5r rn-boxSizing-deolkf rn-display-6koalj rn-flexShrink-1qe8dj5 rn-flexBasis-1mlwlqe rn-flexDirection-eqz5dr rn-justifyContent-1777fci rn-marginTop-1mnahxq rn-marginRight-61z16t rn-marginBottom-p1pxzi rn-marginLeft-11wrixw rn-minHeight-ifefl9 rn-minWidth-bcqeeo rn-paddingTop-wk8lta rn-paddingRight-9aemit rn-paddingBottom-1mdbw0j rn-paddingLeft-gy4na3 rn-position-bnwqim"
  onPress={[Function]}
>
  <div
    className="rn-alignItems-1awozwy rn-borderTopStyle-1efd50x rn-borderRightStyle-14skgim rn-borderBottomStyle-rull8r rn-borderLeftStyle-mm0ijv rn-borderTopWidth-13yce4e rn-borderRightWidth-fnigne rn-borderBottomWidth-ndvcnb rn-borderLeftWidth-gxnn5r rn-boxSizing-deolkf rn-display-6koalj rn-flexShrink-1qe8dj5 rn-flexBasis-1mlwlqe rn-flexDirection-18u37iz rn-justifyContent-1777fci rn-marginTop-1mnahxq rn-marginRight-61z16t rn-marginBottom-p1pxzi rn-marginLeft-11wrixw rn-minHeight-ifefl9 rn-minWidth-bcqeeo rn-paddingTop-wk8lta rn-paddingRight-9aemit rn-paddingBottom-1mdbw0j rn-paddingLeft-gy4na3 rn-position-bnwqim"
  >
    <div
      className="rn-alignItems-1awozwy rn-backgroundColor-bjqepm rn-borderTopLeftRadius-kicko2 rn-borderTopRightRadius-notknq rn-borderBottomRightRadius-1dpl46z rn-borderBottomLeftRadius-6t5ypu rn-borderTopStyle-1efd50x rn-borderRightStyle-14skgim rn-borderBottomStyle-rull8r rn-borderLeftStyle-mm0ijv rn-borderTopWidth-13yce4e rn-borderRightWidth-fnigne rn-borderBottomWidth-ndvcnb rn-borderLeftWidth-gxnn5r rn-boxSizing-deolkf rn-display-6koalj rn-flexBasis-1mlwlqe rn-flexDirection-eqz5dr rn-flexGrow-1jkw2lh rn-flexShrink-1qe8dj5 rn-height-z2s38w rn-justifyContent-1777fci rn-marginTop-1mnahxq rn-marginBottom-p1pxzi rn-marginLeft-11wrixw rn-marginRight-dpl5gu rn-minHeight-ifefl9 rn-minWidth-bcqeeo rn-paddingTop-wk8lta rn-paddingRight-9aemit rn-paddingBottom-1mdbw0j rn-paddingLeft-gy4na3 rn-position-bnwqim rn-width-114zxdx"
    >
      <div
        className="rn-alignItems-1oszu61 rn-borderTopStyle-1efd50x rn-borderRightStyle-14skgim rn-borderBottomStyle-rull8r rn-borderLeftStyle-mm0ijv rn-borderTopWidth-13yce4e rn-borderRightWidth-fnigne rn-borderBottomWidth-ndvcnb rn-borderLeftWidth-gxnn5r rn-boxSizing-deolkf rn-display-6koalj rn-flexShrink-1qe8dj5 rn-flexBasis-1mlwlqe rn-flexDirection-eqz5dr rn-height-1g61j1j rn-justifyContent-1777fci rn-marginTop-1mnahxq rn-marginRight-61z16t rn-marginBottom-p1pxzi rn-marginLeft-11wrixw rn-minHeight-ifefl9 rn-minWidth-bcqeeo rn-paddingTop-wk8lta rn-paddingRight-9aemit rn-paddingBottom-1mdbw0j rn-paddingLeft-gy4na3 rn-position-bnwqim rn-width-6jry9y"
      >
        <svg
          preserveAspectRatio="xMidYMid meet"
          style={
            Object {
              "height": "30px",
              "width": "100%",
            }
          }
          viewBox="0 0 35 24"
        >
          <g
            fill="#eeaaff"
            transform="translate(-1,-1)"
          >
            <path
              d="M24.692,10.67 L26.166,14.39 C26.7148341,15.7546143 27.4866868,17.0185062 28.45,18.13 C29.212,19 30.285,18.09 29.627,17.29 C28.7642681,16.2187957 28.0647001,15.0258907 27.551,13.75 L24.877,6.93 L27.028,6.93 L28.204,9.81 C28.3088959,10.1606213 28.6383462,10.3953547 29.004,10.38 L31.877,10.38 C32.2384112,10.4141657 32.5735259,10.1879632 32.677,9.84 L34.131,5.76 C34.2457891,5.54033897 34.2284754,5.27499504 34.0861154,5.07211298 C33.9437554,4.86923093 33.7001232,4.7626921 33.4545147,4.79591795 C33.2089061,4.8291438 33.002338,4.99658559 32.919,5.23 C31.777,7.67 29.419,7.33 28.558,6.37 C28.3378113,6.00381945 27.9470482,5.77418026 27.52,5.76 L24.426,5.76 L24.417,5.74 L24.44,5.71 C24.9193129,5.1294863 25.2553619,4.44437116 25.421,3.71 C25.5856869,3.05787522 25.428043,2.36632397 24.997,1.85 C24.5081336,1.27481939 23.7811647,0.95746238 23.027,0.99 C22.2140695,1.0576614 21.4528208,1.41627201 20.883,2 C20.7482687,2.14027477 20.6764976,2.32938382 20.6842337,2.52372808 C20.6919697,2.71807233 20.7785451,2.90087827 20.924,3.03 C21.2342604,3.29351841 21.6944819,3.27615156 21.984,2.99 C22.2670186,2.6866886 22.6406632,2.48320141 23.049,2.41 C23.3301746,2.38465124 23.6056777,2.50006361 23.7848314,2.71825084 C23.9639851,2.93643806 24.0235795,3.22913319 23.944,3.5 C23.8069127,3.9405541 23.5933179,4.3535266 23.313,4.72 L23.313,4.72 C22.9169252,5.05518449 22.7491693,5.58842261 22.882,6.09 L24.125,9.22 C21.7428092,10.6906504 20.041352,13.0462928 19.394,15.77 C18.8974772,15.5291463 18.3403293,15.4420919 17.794,15.52 L17.419,15.56 L13.351,5.32 C13.7955306,5.19526253 14.2527988,5.12145549 14.714,5.1 L15.164,5.06 C15.4472717,5.08877067 15.7211061,4.94883616 15.8637495,4.70241482 C16.006393,4.45599348 15.9913577,4.1488439 15.8253287,3.9175324 C15.6592998,3.68622089 15.3731075,3.57370028 15.094,3.63 L12.879,3.63 C11.252,3.63 10.979,3.6 10.041,3.6 C9.487,3.6 9.141,3.79 9.141,4.19 C9.141,5.03 10.283,5.8 11.356,5.8 C11.5353724,5.80037239 11.7141996,5.78024175 11.889,5.74 L13.32,9.34 L11.875,11.41 C8.77596149,9.19427788 4.58689111,9.28795665 1.59,11.64 C1.545,11.67 1.255,11.94 1.213,11.98 C1.01674044,12.1442599 0.931010389,12.4058569 0.991981723,12.654416 C1.05295306,12.9029751 1.2500066,13.0952056 1.5,13.15 C1.553,13.16 1.837,13.24 1.889,13.25 C4.09304954,13.8165424 6.08830472,15.0034919 7.638,16.67 C7.20967995,16.9302857 6.94155544,17.3890682 6.925,17.89 C6.92276029,18.3110812 7.09062674,18.7152303 7.39053756,19.0108109 C7.69044839,19.3063916 8.09699586,19.468363 8.518,19.46 L17.552,20.4 C19.252,20.57 20.632,19.87 20.771,17.86 L20.805,17.39 C21.0233808,14.6791966 22.4510855,12.2109242 24.692,10.67 Z M13.972,10.98 L15.849,15.7 L10.331,16.21 L13.972,10.98 Z M8.306,22.64 C7.00233994,22.6689462 5.7407095,22.1781273 4.79935186,21.2757897 C3.85799421,20.373452 3.31423635,19.1337174 3.288,17.83 C3.29454214,16.946833 3.5590515,16.0848314 4.049,15.35 C3.61110814,15.0832344 3.14701391,14.8620776 2.664,14.69 C2.07938471,15.6332929 1.76783868,16.7202424 1.764,17.83 C1.84216799,21.368144 4.76761618,24.1764312 8.306,24.11 C10.5403499,24.1299175 12.6296604,23.0056587 13.844,21.13 L12.009,20.93 C11.1060415,22.0426403 9.73852817,22.6741412 8.306,22.64 L8.306,22.64 Z M29.143,11.55 C28.7599601,11.5454082 28.3774124,11.5789062 28.001,11.65 L28.554,13.05 C28.7492035,13.0241374 28.946179,13.0141047 29.143,13.02 C31.77724,13.1136504 33.8460836,15.3087972 33.7836497,17.9439618 C33.7212158,20.5791264 31.5507345,22.6738325 28.9150151,22.642624 C26.2792957,22.6114154 24.1590212,20.4659041 24.159,17.83 C24.1571489,16.7754011 24.5092826,15.7506922 25.159,14.92 L24.537,13.35 C23.3121019,14.5201453 22.6127095,16.1360699 22.598,17.83 C22.4965096,20.4895858 24.0195492,22.9445572 26.4474708,24.0349212 C28.8753924,25.1252851 31.722136,24.6327551 33.6425929,22.7900554 C35.5630498,20.9473557 36.1727524,18.1233874 35.1836115,15.6524974 C34.1944706,13.1816075 31.8045081,11.5584581 29.143,11.55 L29.143,11.55 Z"
            />
          </g>
        </svg>
      </div>
    </div>
    <div
      className="rn-borderTopWidth-13yce4e rn-borderRightWidth-fnigne rn-borderBottomWidth-ndvcnb rn-borderLeftWidth-gxnn5r rn-color-14kmah0 rn-display-1471scf rn-flexBasis-1iusvr4 rn-flexGrow-16y2uox rn-flexShrink-1wbh5a2 rn-font-1lw9tu2 rn-fontFamily-rxqqfj rn-fontSize-cygvgh rn-marginTop-1mnahxq rn-marginRight-61z16t rn-marginBottom-p1pxzi rn-marginLeft-11wrixw rn-paddingTop-wk8lta rn-paddingRight-9aemit rn-paddingBottom-1mdbw0j rn-paddingLeft-gy4na3 rn-textDecoration-bauka4 rn-whiteSpace-q42fyq rn-wordWrap-qvutc0"
      dir="auto"
      size={1.125}
    >
      Kaupunkipyörät
    </div>
  </div>
</div>
`;

exports[`Storyshots Button default 1`] = `
<div
  className="rn-alignItems-1awozwy rn-borderTopStyle-1efd50x rn-borderRightStyle-14skgim rn-borderBottomStyle-rull8r rn-borderLeftStyle-mm0ijv rn-borderTopWidth-13yce4e rn-borderRightWidth-fnigne rn-borderBottomWidth-ndvcnb rn-borderLeftWidth-gxnn5r rn-boxSizing-deolkf rn-display-6koalj rn-flexShrink-1qe8dj5 rn-flexBasis-1mlwlqe rn-flexDirection-eqz5dr rn-justifyContent-1777fci rn-marginTop-1mnahxq rn-marginRight-61z16t rn-marginBottom-p1pxzi rn-marginLeft-11wrixw rn-minHeight-ifefl9 rn-minWidth-bcqeeo rn-paddingTop-wk8lta rn-paddingRight-9aemit rn-paddingBottom-1mdbw0j rn-paddingLeft-gy4na3 rn-position-bnwqim"
  onLongPress={[Function]}
  onPress={[Function]}
>
  <div
    className="rn-alignItems-1awozwy rn-backgroundColor-44z8sh rn-borderTopColor-1tvzubb rn-borderRightColor-1mf7otu rn-borderBottomColor-1nykn6n rn-borderLeftColor-ub6kyj rn-borderTopLeftRadius-1clcaoc rn-borderTopRightRadius-x22zwo rn-borderBottomRightRadius-c41hya rn-borderBottomLeftRadius-8maeil rn-borderTopStyle-1efd50x rn-borderRightStyle-14skgim rn-borderBottomStyle-rull8r rn-borderLeftStyle-mm0ijv rn-borderTopWidth-5kkj8d rn-borderRightWidth-13l2t4g rn-borderBottomWidth-qklmqi rn-borderLeftWidth-1ljd8xs rn-boxSizing-deolkf rn-display-6koalj rn-flexShrink-1qe8dj5 rn-flexBasis-1mlwlqe rn-flexDirection-eqz5dr rn-height-4mrk8 rn-justifyContent-1777fci rn-marginTop-1mnahxq rn-marginRight-61z16t rn-marginBottom-p1pxzi rn-marginLeft-11wrixw rn-minHeight-ifefl9 rn-minWidth-bcqeeo rn-paddingTop-wk8lta rn-paddingRight-9aemit rn-paddingBottom-1mdbw0j rn-paddingLeft-gy4na3 rn-position-bnwqim"
  >
    <div
      className="rn-borderTopWidth-13yce4e rn-borderRightWidth-fnigne rn-borderBottomWidth-ndvcnb rn-borderLeftWidth-gxnn5r rn-color-14kmah0 rn-display-1471scf rn-font-1lw9tu2 rn-fontFamily-rxqqfj rn-fontSize-cygvgh rn-fontWeight-majxgm rn-marginTop-1mnahxq rn-marginRight-61z16t rn-marginBottom-p1pxzi rn-marginLeft-11wrixw rn-paddingTop-wk8lta rn-paddingRight-9aemit rn-paddingBottom-1mdbw0j rn-paddingLeft-gy4na3 rn-textAlign-q4m81j rn-textDecoration-bauka4 rn-whiteSpace-q42fyq rn-wordWrap-qvutc0"
      dir="auto"
    >
      Default Button
    </div>
  </div>
</div>
`;

exports[`Storyshots Button primary 1`] = `
<div
  className="rn-alignItems-1awozwy rn-borderTopStyle-1efd50x rn-borderRightStyle-14skgim rn-borderBottomStyle-rull8r rn-borderLeftStyle-mm0ijv rn-borderTopWidth-13yce4e rn-borderRightWidth-fnigne rn-borderBottomWidth-ndvcnb rn-borderLeftWidth-gxnn5r rn-boxSizing-deolkf rn-display-6koalj rn-flexShrink-1qe8dj5 rn-flexBasis-1mlwlqe rn-flexDirection-eqz5dr rn-justifyContent-1777fci rn-marginTop-1mnahxq rn-marginRight-61z16t rn-marginBottom-p1pxzi rn-marginLeft-11wrixw rn-minHeight-ifefl9 rn-minWidth-bcqeeo rn-paddingTop-wk8lta rn-paddingRight-9aemit rn-paddingBottom-1mdbw0j rn-paddingLeft-gy4na3 rn-position-bnwqim"
  onLongPress={[Function]}
  onPress={[Function]}
>
  <div
    className="rn-alignItems-1awozwy rn-backgroundColor-bjqepm rn-borderTopColor-u3wbm8 rn-borderRightColor-madm3w rn-borderBottomColor-5lzcx3 rn-borderLeftColor-19wuy89 rn-borderTopLeftRadius-2qmkud rn-borderTopRightRadius-uier44 rn-borderBottomRightRadius-rlac8f rn-borderBottomLeftRadius-lcv42w rn-borderTopStyle-1efd50x rn-borderRightStyle-14skgim rn-borderBottomStyle-rull8r rn-borderLeftStyle-mm0ijv rn-borderTopWidth-5kkj8d rn-borderRightWidth-13l2t4g rn-borderBottomWidth-qklmqi rn-borderLeftWidth-1ljd8xs rn-boxSizing-deolkf rn-display-6koalj rn-flexShrink-1qe8dj5 rn-flexBasis-1mlwlqe rn-flexDirection-eqz5dr rn-height-1ujyd8x rn-justifyContent-1777fci rn-marginTop-1mnahxq rn-marginRight-61z16t rn-marginBottom-p1pxzi rn-marginLeft-11wrixw rn-minHeight-ifefl9 rn-minWidth-bcqeeo rn-paddingTop-wk8lta rn-paddingRight-9aemit rn-paddingBottom-1mdbw0j rn-paddingLeft-gy4na3 rn-position-bnwqim"
  >
    <div
      className="rn-borderTopWidth-13yce4e rn-borderRightWidth-fnigne rn-borderBottomWidth-ndvcnb rn-borderLeftWidth-gxnn5r rn-color-1qtguxu rn-display-1471scf rn-font-1lw9tu2 rn-fontFamily-rxqqfj rn-fontSize-pv2lrm rn-fontWeight-majxgm rn-marginTop-1mnahxq rn-marginRight-61z16t rn-marginBottom-p1pxzi rn-marginLeft-11wrixw rn-paddingTop-wk8lta rn-paddingRight-9aemit rn-paddingBottom-1mdbw0j rn-paddingLeft-gy4na3 rn-textAlign-q4m81j rn-textDecoration-bauka4 rn-whiteSpace-q42fyq rn-wordWrap-qvutc0"
      dir="auto"
    >
      Primary Button
    </div>
  </div>
</div>
`;

exports[`Storyshots Button round button 1`] = `
<div
  className="rn-alignItems-1awozwy rn-borderTopStyle-1efd50x rn-borderRightStyle-14skgim rn-borderBottomStyle-rull8r rn-borderLeftStyle-mm0ijv rn-borderTopWidth-13yce4e rn-borderRightWidth-fnigne rn-borderBottomWidth-ndvcnb rn-borderLeftWidth-gxnn5r rn-boxSizing-deolkf rn-display-6koalj rn-flexShrink-1qe8dj5 rn-flexBasis-1mlwlqe rn-flexDirection-eqz5dr rn-justifyContent-1777fci rn-marginTop-1mnahxq rn-marginRight-61z16t rn-marginBottom-p1pxzi rn-marginLeft-11wrixw rn-minHeight-ifefl9 rn-minWidth-bcqeeo rn-paddingTop-wk8lta rn-paddingRight-9aemit rn-paddingBottom-1mdbw0j rn-paddingLeft-gy4na3 rn-position-bnwqim"
  onLongPress={undefined}
  onPress={undefined}
>
  <div
    className="rn-alignItems-1awozwy rn-backgroundColor-44z8sh rn-borderTopColor-1tvzubb rn-borderRightColor-1mf7otu rn-borderBottomColor-1nykn6n rn-borderLeftColor-ub6kyj rn-borderTopLeftRadius-2qmkud rn-borderTopRightRadius-uier44 rn-borderBottomRightRadius-rlac8f rn-borderBottomLeftRadius-lcv42w rn-borderTopStyle-1efd50x rn-borderRightStyle-14skgim rn-borderBottomStyle-rull8r rn-borderLeftStyle-mm0ijv rn-borderTopWidth-5kkj8d rn-borderRightWidth-13l2t4g rn-borderBottomWidth-qklmqi rn-borderLeftWidth-1ljd8xs rn-boxSizing-deolkf rn-display-6koalj rn-flexShrink-1qe8dj5 rn-flexBasis-1mlwlqe rn-flexDirection-eqz5dr rn-height-ggc67w rn-justifyContent-1777fci rn-marginTop-1mnahxq rn-marginRight-61z16t rn-marginBottom-p1pxzi rn-marginLeft-11wrixw rn-minHeight-ifefl9 rn-minWidth-bcqeeo rn-paddingTop-wk8lta rn-paddingRight-9aemit rn-paddingBottom-1mdbw0j rn-paddingLeft-gy4na3 rn-position-bnwqim rn-width-2a3a3o"
  >
    <div
      className="rn-alignItems-1awozwy rn-borderTopStyle-1efd50x rn-borderRightStyle-14skgim rn-borderBottomStyle-rull8r rn-borderLeftStyle-mm0ijv rn-borderTopWidth-13yce4e rn-borderRightWidth-fnigne rn-borderBottomWidth-ndvcnb rn-borderLeftWidth-gxnn5r rn-boxSizing-deolkf rn-display-6koalj rn-flexShrink-1qe8dj5 rn-flexBasis-1mlwlqe rn-flexDirection-eqz5dr rn-height-rj18c rn-justifyContent-1777fci rn-marginTop-1mnahxq rn-marginRight-61z16t rn-marginBottom-p1pxzi rn-marginLeft-11wrixw rn-minHeight-ifefl9 rn-minWidth-bcqeeo rn-paddingTop-wk8lta rn-paddingRight-9aemit rn-paddingBottom-1mdbw0j rn-paddingLeft-gy4na3 rn-position-bnwqim rn-width-15mn8gu"
    >
      <svg
        preserveAspectRatio="xMidYMid meet"
        style={
          Object {
            "height": "36px",
            "width": "18px",
          }
        }
        viewBox="0 0 17 33"
      >
        <path
          d="M16.7982286,11.9856261 L11.034563,11.9856261 L11.034563,8.26958518 C11.034563,6.58443921 11.5045179,5.43616736 13.920705,5.43616736 L17,5.43464647 L17,0.229147407 C16.4681955,0.158172546 14.6405928,0 12.5103331,0 C8.06629291,0 5.02603406,2.71276056 5.02603406,7.69367489 L5.02603406,11.9856261 L0,11.9856261 L0,17.8050577 L5.02603406,17.8050577 L5.02603406,32.7381684 L11.034563,32.7381684 L11.034563,17.8050577 L16.047416,17.8050577 L16.7982286,11.9856261 Z"
          fill="#007ac9"
        />
      </svg>
    </div>
  </div>
</div>
`;

exports[`Storyshots Button secondary 1`] = `
<div
  className="rn-alignItems-1awozwy rn-borderTopStyle-1efd50x rn-borderRightStyle-14skgim rn-borderBottomStyle-rull8r rn-borderLeftStyle-mm0ijv rn-borderTopWidth-13yce4e rn-borderRightWidth-fnigne rn-borderBottomWidth-ndvcnb rn-borderLeftWidth-gxnn5r rn-boxSizing-deolkf rn-display-6koalj rn-flexShrink-1qe8dj5 rn-flexBasis-1mlwlqe rn-flexDirection-eqz5dr rn-justifyContent-1777fci rn-marginTop-1mnahxq rn-marginRight-61z16t rn-marginBottom-p1pxzi rn-marginLeft-11wrixw rn-minHeight-ifefl9 rn-minWidth-bcqeeo rn-paddingTop-wk8lta rn-paddingRight-9aemit rn-paddingBottom-1mdbw0j rn-paddingLeft-gy4na3 rn-position-bnwqim"
  onLongPress={[Function]}
  onPress={[Function]}
>
  <div
    className="rn-alignItems-1awozwy rn-backgroundColor-44z8sh rn-borderTopColor-1y2uaus rn-borderRightColor-10mtt9r rn-borderBottomColor-qjqnat rn-borderLeftColor-chkmcv rn-borderTopLeftRadius-1clcaoc rn-borderTopRightRadius-x22zwo rn-borderBottomRightRadius-c41hya rn-borderBottomLeftRadius-8maeil rn-borderTopStyle-1efd50x rn-borderRightStyle-14skgim rn-borderBottomStyle-rull8r rn-borderLeftStyle-mm0ijv rn-borderTopWidth-5kkj8d rn-borderRightWidth-13l2t4g rn-borderBottomWidth-qklmqi rn-borderLeftWidth-1ljd8xs rn-boxSizing-deolkf rn-display-6koalj rn-flexShrink-1qe8dj5 rn-flexBasis-1mlwlqe rn-flexDirection-eqz5dr rn-height-4mrk8 rn-justifyContent-1777fci rn-marginTop-1mnahxq rn-marginRight-61z16t rn-marginBottom-p1pxzi rn-marginLeft-11wrixw rn-minHeight-ifefl9 rn-minWidth-bcqeeo rn-paddingTop-wk8lta rn-paddingRight-9aemit rn-paddingBottom-1mdbw0j rn-paddingLeft-gy4na3 rn-position-bnwqim"
  >
    <div
      className="rn-borderTopWidth-13yce4e rn-borderRightWidth-fnigne rn-borderBottomWidth-ndvcnb rn-borderLeftWidth-gxnn5r rn-color-16k5t19 rn-display-1471scf rn-font-1lw9tu2 rn-fontFamily-rxqqfj rn-fontSize-cygvgh rn-fontWeight-majxgm rn-marginTop-1mnahxq rn-marginRight-61z16t rn-marginBottom-p1pxzi rn-marginLeft-11wrixw rn-paddingTop-wk8lta rn-paddingRight-9aemit rn-paddingBottom-1mdbw0j rn-paddingLeft-gy4na3 rn-textAlign-q4m81j rn-textDecoration-bauka4 rn-whiteSpace-q42fyq rn-wordWrap-qvutc0"
      dir="auto"
    >
      Secondary Button
    </div>
  </div>
</div>
`;
