// Jest Snapshot v1, https://goo.gl/fbAQLP

exports[`Storyshots Container default 1`] = `
<div
  className="sc-kvZOFW kZFdYp"
>
  <p>
    Some content
  </p>
</div>
`;
