// Jest Snapshot v1, https://goo.gl/fbAQLP

exports[`Storyshots DropdownMenu default 1`] = `
<div>
  <p>
    This is always visible
  </p>
  <div
    className="sc-jlyJG bbyJzT sc-iRbamj cIwpsB"
    open={false}
  >
    <button
      className="sc-bxivhb gRAuFd"
      onClick={[Function]}
    >
      <div
        className="sc-kAzzGY jHprQs sc-cSHVUG biczzM"
      >
        <a
          className="link sc-chPdSV byfFmt"
        >
          <div
            className="sc-VigVT hjRoCW sc-gZMcBi foLCCt"
          >
            <div
              className="sc-jzJRlG istBgv sc-fjdhpX fNCIal"
            >
              <span
                aria-hidden="true"
                className="icon sc-jTzLTM iEjgub"
              >
                <svg
                  height="2.5rem"
                  preserveAspectRatio="xMidYMid meet"
                  version="1.1"
                  viewBox="-5 0 48 10"
                  width="2.5rem"
                >
                  <g
                    id="Group"
                  >
                    <circle
                      cx="5"
                      cy="5"
                      id="Oval"
                      r="5"
                    />
                    <circle
                      cx="19"
                      cy="5"
                      id="Oval"
                      r="5"
                    />
                    <circle
                      cx="33"
                      cy="5"
                      id="Oval"
                      r="5"
                    />
                  </g>
                </svg>
              </span>
              <span
                className="text sc-dnqmqq bDsesi"
              >
                <span
                  className="sc-dnqmqq bDsesi"
                >
                  Lisää
                  <svg
                    height="0.5rem"
                    preserveAspectRatio="xMidYMid meet"
                    version="1.1"
                    viewBox="0 0 42.5 27.47"
                    width="0.75rem"
                  >
                    <path
                      d="M35.043,1.271 L21.214,15.140 L7.384,1.271 C5.687,-0.431 2.934,-0.431 1.234,1.271 L1.234,1.271 C-0.463,2.973 -0.463,5.733 1.234,7.436 L21.214,27.468 L41.191,7.436 C42.887,5.733 42.887,2.973 41.191,1.271 L41.191,1.271 C39.493,-0.431 36.743,-0.431 35.043,1.271 Z"
                      id="arrow"
                    />
                  </svg>
                </span>
              </span>
            </div>
          </div>
        </a>
      </div>
    </button>
  </div>
  <p>
    test
  </p>
  <p>
    test
  </p>
  <p>
    test
  </p>
  <p>
    test
  </p>
  <p>
    test
  </p>
  <p>
    test
  </p>
  <p>
    test
  </p>
  <p>
    test
  </p>
  <p>
    test
  </p>
  <p>
    test
  </p>
  <p>
    test
  </p>
  <p>
    test
  </p>
  <p>
    test
  </p>
  <p>
    test
  </p>
  <p>
    test
  </p>
  <p>
    test
  </p>
</div>
`;
