// Jest Snapshot v1, https://goo.gl/fbAQLP

exports[`Storyshots Input default 1`] = `
<input
  className="sc-bxivhb kwTNMN"
  placeholder="placeholder"
  type="text"
/>
`;
