// Jest Snapshot v1, https://goo.gl/fbAQLP

exports[`Storyshots List default 1`] = `
<div
  className="sc-jWBwVP fDrbnp sc-cvbbAY eSQRxp"
>
  <div
    className="sc-eHgmQL gmKbQu"
  >
    Header
  </div>
  <ul
    className="sc-hSdWYo bIQQAp"
  >
    <li
      className="sc-brqgnP kfBAPU"
    >
      looong teexttt ttttttttttttttttt
    </li>
    <li
      className="sc-brqgnP kfBAPU"
    >
      short text
    </li>
    <li
      className="sc-brqgnP kfBAPU"
    >
      looong teexttt ttttttttttttttttt
    </li>
    <li
      className="sc-brqgnP kfBAPU"
    >
      looong teexttt ttttttttttttttttt
    </li>
    <li
      className="sc-brqgnP kfBAPU"
    >
      looong teexttt ttttttttttttttttt
    </li>
    <li
      className="sc-brqgnP kfBAPU"
    >
      short text
    </li>
    <li
      className="sc-brqgnP kfBAPU"
    >
      looong teexttt ttttttttttttttttt
    </li>
    <li
      className="sc-brqgnP kfBAPU"
    >
      looong teexttt ttttttttttttttttt
    </li>
    <li
      className="sc-brqgnP kfBAPU"
    >
      looong teexttt ttttttttttttttttt
    </li>
  </ul>
</div>
`;
