// Jest Snapshot v1, https://goo.gl/fbAQLP

exports[`Storyshots Separator default 1`] = `
<div
  className="sc-ifAKCX jEhVLv"
/>
`;
