// Jest Snapshot v1, https://goo.gl/fbAQLP

exports[`Storyshots Typography Caption 1`] = `
<div
  className="rn-borderTopWidth-13yce4e rn-borderRightWidth-fnigne rn-borderBottomWidth-ndvcnb rn-borderLeftWidth-gxnn5r rn-color-102hald rn-display-1471scf rn-font-1lw9tu2 rn-fontFamily-rxqqfj rn-fontSize-n6v787 rn-fontWeight-1od2jal rn-lineHeight-1f529hi rn-marginTop-1mnahxq rn-marginRight-61z16t rn-marginBottom-p1pxzi rn-marginLeft-11wrixw rn-paddingTop-wk8lta rn-paddingRight-9aemit rn-paddingBottom-1mdbw0j rn-paddingLeft-gy4na3 rn-textDecoration-bauka4 rn-whiteSpace-q42fyq rn-wordWrap-qvutc0"
  dir="auto"
>
  Aenean lacinia bibendum nulla sed consectetur. Etiam porta sem malesuada magna mollis euismod.
</div>
`;

exports[`Storyshots Typography ErrorText 1`] = `
<div
  className="rn-borderTopWidth-13yce4e rn-borderRightWidth-fnigne rn-borderBottomWidth-ndvcnb rn-borderLeftWidth-gxnn5r rn-color-w3xrvl rn-display-1471scf rn-font-1lw9tu2 rn-fontFamily-rxqqfj rn-fontSize-ubezar rn-fontWeight-1od2jal rn-lineHeight-1cwl3u0 rn-marginTop-1mnahxq rn-marginRight-61z16t rn-marginBottom-p1pxzi rn-marginLeft-11wrixw rn-paddingTop-wk8lta rn-paddingRight-9aemit rn-paddingBottom-1mdbw0j rn-paddingLeft-gy4na3 rn-textDecoration-bauka4 rn-whiteSpace-q42fyq rn-wordWrap-qvutc0"
  dir="auto"
>
  Aenean lacinia bibendum nulla sed consectetur. Etiam porta sem malesuada magna mollis euismod.
</div>
`;

exports[`Storyshots Typography H1 1`] = `
<div
  className="rn-borderTopWidth-13yce4e rn-borderRightWidth-fnigne rn-borderBottomWidth-ndvcnb rn-borderLeftWidth-gxnn5r rn-color-102hald rn-display-1471scf rn-font-1lw9tu2 rn-fontFamily-rxqqfj rn-fontSize-s67bdx rn-fontWeight-majxgm rn-letterSpacing-foe95m rn-marginTop-1mnahxq rn-marginRight-61z16t rn-marginBottom-p1pxzi rn-marginLeft-11wrixw rn-paddingTop-wk8lta rn-paddingRight-9aemit rn-paddingBottom-1mdbw0j rn-paddingLeft-gy4na3 rn-textDecoration-bauka4 rn-whiteSpace-q42fyq rn-wordWrap-qvutc0"
  dir="auto"
>
  HSL Liikuttaa
</div>
`;

exports[`Storyshots Typography H2 1`] = `
<div
  className="rn-borderTopWidth-13yce4e rn-borderRightWidth-fnigne rn-borderBottomWidth-ndvcnb rn-borderLeftWidth-gxnn5r rn-color-102hald rn-display-1471scf rn-font-1lw9tu2 rn-fontFamily-rxqqfj rn-fontSize-3i2nvb rn-fontWeight-majxgm rn-letterSpacing-foe95m rn-marginTop-1mnahxq rn-marginRight-61z16t rn-marginBottom-p1pxzi rn-marginLeft-11wrixw rn-paddingTop-wk8lta rn-paddingRight-9aemit rn-paddingBottom-1mdbw0j rn-paddingLeft-gy4na3 rn-textDecoration-bauka4 rn-whiteSpace-q42fyq rn-wordWrap-qvutc0"
  dir="auto"
>
  HSL Liikuttaa
</div>
`;

exports[`Storyshots Typography H3 1`] = `
<div
  className="rn-borderTopWidth-13yce4e rn-borderRightWidth-fnigne rn-borderBottomWidth-ndvcnb rn-borderLeftWidth-gxnn5r rn-color-102hald rn-display-1471scf rn-font-1lw9tu2 rn-fontFamily-rxqqfj rn-fontSize-1x35g6 rn-fontWeight-majxgm rn-letterSpacing-foe95m rn-marginTop-1mnahxq rn-marginRight-61z16t rn-marginBottom-p1pxzi rn-marginLeft-11wrixw rn-paddingTop-wk8lta rn-paddingRight-9aemit rn-paddingBottom-1mdbw0j rn-paddingLeft-gy4na3 rn-textDecoration-bauka4 rn-whiteSpace-q42fyq rn-wordWrap-qvutc0"
  dir="auto"
>
  HSL Liikuttaa
</div>
`;

exports[`Storyshots Typography H4 1`] = `
<div
  className="rn-borderTopWidth-13yce4e rn-borderRightWidth-fnigne rn-borderBottomWidth-ndvcnb rn-borderLeftWidth-gxnn5r rn-color-102hald rn-display-1471scf rn-font-1lw9tu2 rn-fontFamily-rxqqfj rn-fontSize-cv4lhi rn-fontWeight-majxgm rn-marginTop-1mnahxq rn-marginRight-61z16t rn-marginBottom-p1pxzi rn-marginLeft-11wrixw rn-paddingTop-wk8lta rn-paddingRight-9aemit rn-paddingBottom-1mdbw0j rn-paddingLeft-gy4na3 rn-textDecoration-bauka4 rn-whiteSpace-q42fyq rn-wordWrap-qvutc0"
  dir="auto"
>
  HSL Liikuttaa
</div>
`;

exports[`Storyshots Typography H5 1`] = `
<div
  className="rn-borderTopWidth-13yce4e rn-borderRightWidth-fnigne rn-borderBottomWidth-ndvcnb rn-borderLeftWidth-gxnn5r rn-color-102hald rn-display-1471scf rn-font-1lw9tu2 rn-fontFamily-rxqqfj rn-fontSize-ubezar rn-fontWeight-majxgm rn-letterSpacing-afbznj rn-marginTop-1mnahxq rn-marginRight-61z16t rn-marginBottom-p1pxzi rn-marginLeft-11wrixw rn-paddingTop-wk8lta rn-paddingRight-9aemit rn-paddingBottom-1mdbw0j rn-paddingLeft-gy4na3 rn-textDecoration-bauka4 rn-whiteSpace-q42fyq rn-wordWrap-qvutc0"
  dir="auto"
>
  HSL LIIKUTTAA
</div>
`;

exports[`Storyshots Typography InfoText 1`] = `
<div
  className="rn-borderTopWidth-13yce4e rn-borderRightWidth-fnigne rn-borderBottomWidth-ndvcnb rn-borderLeftWidth-gxnn5r rn-color-f1vk86 rn-display-1471scf rn-font-1lw9tu2 rn-fontFamily-rxqqfj rn-fontSize-ubezar rn-fontWeight-1od2jal rn-lineHeight-1cwl3u0 rn-marginTop-1mnahxq rn-marginRight-61z16t rn-marginBottom-p1pxzi rn-marginLeft-11wrixw rn-paddingTop-wk8lta rn-paddingRight-9aemit rn-paddingBottom-1mdbw0j rn-paddingLeft-gy4na3 rn-textDecoration-bauka4 rn-whiteSpace-q42fyq rn-wordWrap-qvutc0"
  dir="auto"
  large={false}
>
  Aenean lacinia bibendum nulla sed consectetur. Etiam porta sem malesuada magna mollis euismod.
</div>
`;

exports[`Storyshots Typography Ingress 1`] = `
<div
  className="rn-borderTopWidth-13yce4e rn-borderRightWidth-fnigne rn-borderBottomWidth-ndvcnb rn-borderLeftWidth-gxnn5r rn-color-102hald rn-display-1471scf rn-font-1lw9tu2 rn-fontFamily-1kha5d rn-fontSize-adyw6z rn-fontWeight-1od2jal rn-lineHeight-waer2z rn-marginTop-1mnahxq rn-marginRight-61z16t rn-marginBottom-p1pxzi rn-marginLeft-11wrixw rn-paddingTop-wk8lta rn-paddingRight-9aemit rn-paddingBottom-1mdbw0j rn-paddingLeft-gy4na3 rn-textDecoration-bauka4 rn-whiteSpace-q42fyq rn-wordWrap-qvutc0"
  dir="auto"
>
  Omia joukkoliikennelinjoja koskevat linjatiedotteet voi tilata myös sähköpostiin luomalla HSL-tunnuksen. Sitä kautta saa tietoa ajankohtaisista liikennemuutoksista, suunnitelmista ja poikkeustilanteista niiltä linjoilta, joita itse käyttää. Palvelu on maksuton.
</div>
`;

exports[`Storyshots Typography ListText 1`] = `
<div
  className="rn-borderTopWidth-13yce4e rn-borderRightWidth-fnigne rn-borderBottomWidth-ndvcnb rn-borderLeftWidth-gxnn5r rn-color-102hald rn-display-1471scf rn-font-1lw9tu2 rn-fontFamily-rxqqfj rn-fontSize-ubezar rn-fontWeight-1od2jal rn-lineHeight-1cwl3u0 rn-marginTop-1mnahxq rn-marginRight-61z16t rn-marginBottom-p1pxzi rn-marginLeft-11wrixw rn-paddingTop-wk8lta rn-paddingRight-9aemit rn-paddingBottom-1mdbw0j rn-paddingLeft-gy4na3 rn-textDecoration-bauka4 rn-whiteSpace-q42fyq rn-wordWrap-qvutc0"
  dir="auto"
>
  Aenean lacinia bibendum nulla sed consectetur. Etiam porta sem malesuada magna mollis euismod.
</div>
`;

exports[`Storyshots Typography Paragraph 1`] = `
<div
  className="rn-borderTopWidth-13yce4e rn-borderRightWidth-fnigne rn-borderBottomWidth-ndvcnb rn-borderLeftWidth-gxnn5r rn-color-102hald rn-display-1471scf rn-font-1lw9tu2 rn-fontFamily-rxqqfj rn-fontSize-ubezar rn-fontWeight-1od2jal rn-lineHeight-rjixqe rn-marginTop-1mnahxq rn-marginRight-61z16t rn-marginBottom-p1pxzi rn-marginLeft-11wrixw rn-paddingTop-wk8lta rn-paddingRight-9aemit rn-paddingBottom-1mdbw0j rn-paddingLeft-gy4na3 rn-textDecoration-bauka4 rn-whiteSpace-q42fyq rn-wordWrap-qvutc0"
  dir="auto"
>
  Omia joukkoliikennelinjoja koskevat linjatiedotteet voi tilata myös sähköpostiin luomalla HSL-tunnuksen. Sitä kautta saa tietoa ajankohtaisista liikennemuutoksista, suunnitelmista ja poikkeustilanteista niiltä linjoilta, joita itse käyttää. Palvelu on maksuton.
</div>
`;

exports[`Storyshots Typography Quote 1`] = `
<div
  className="rn-alignItems-1oszu61 rn-borderLeftColor-ub6kyj rn-borderLeftWidth-ms8t9i rn-borderTopStyle-1efd50x rn-borderRightStyle-14skgim rn-borderBottomStyle-rull8r rn-borderLeftStyle-mm0ijv rn-borderTopWidth-13yce4e rn-borderRightWidth-fnigne rn-borderBottomWidth-ndvcnb rn-boxSizing-deolkf rn-display-6koalj rn-flexShrink-1qe8dj5 rn-flexBasis-1mlwlqe rn-flexDirection-eqz5dr rn-marginTop-1mnahxq rn-marginRight-61z16t rn-marginBottom-p1pxzi rn-marginLeft-11wrixw rn-minHeight-ifefl9 rn-minWidth-bcqeeo rn-paddingTop-wk8lta rn-paddingRight-9aemit rn-paddingBottom-1mdbw0j rn-paddingLeft-gy4na3 rn-position-bnwqim"
>
  <div
    className="rn-borderTopWidth-13yce4e rn-borderRightWidth-fnigne rn-borderBottomWidth-ndvcnb rn-borderLeftWidth-gxnn5r rn-color-102hald rn-display-1471scf rn-font-1lw9tu2 rn-fontFamily-1kha5d rn-fontSize-adyw6z rn-fontStyle-36ujnk rn-fontWeight-1od2jal rn-lineHeight-waer2z rn-marginTop-1mnahxq rn-marginRight-61z16t rn-marginBottom-p1pxzi rn-marginLeft-11wrixw rn-paddingBottom-3hmvjm rn-paddingLeft-b5h31w rn-paddingRight-9aemit rn-paddingTop-15zeulg rn-textDecoration-bauka4 rn-whiteSpace-q42fyq rn-wordWrap-qvutc0"
    dir="auto"
  >
    Omia joukkoliikennelinjoja koskevat linjatiedotteet voi tilata myös sähköpostiin luomalla HSL-tunnuksen. Sitä kautta saa tietoa ajankohtaisista liikennemuutoksista, suunnitelmista ja poikkeustilanteista niiltä linjoilta, joita itse käyttää. Palvelu on maksuton.
  </div>
</div>
`;
