// Jest Snapshot v1, https://goo.gl/fbAQLP

exports[`Storyshots Wrapper Activatable 1`] = `
<span>
  <div
    className="sc-fYxtnH iGzEZB"
  >
    <div
      className="sc-gZMcBi cwkXTh sc-dnqmqq gaMhLc"
    >
      <span>
        Active
      </span>
    </div>
  </div>
  <div
    className="sc-fYxtnH iGzEZB"
  >
    <div
      className="sc-gZMcBi cwkXTh sc-dnqmqq deglxo"
    >
      <span>
        Inactive
      </span>
    </div>
  </div>
  <div
    className="sc-fYxtnH iGzEZB"
  >
    <div
      className="sc-gZMcBi cwkXTh sc-dnqmqq gnpAsW"
    >
      <span>
        Active
      </span>
      <div
        className="sc-iwsKbI kiciqv"
      />
    </div>
  </div>
  <div
    className="sc-fYxtnH iGzEZB"
  >
    <div
      className="sc-gZMcBi cwkXTh sc-dnqmqq gnpAsW"
    >
      <span>
        Inactive
      </span>
      <div
        className="sc-iwsKbI jzhhwr"
      />
    </div>
  </div>
</span>
`;

exports[`Storyshots Wrapper Flex 1`] = `
<div
  className="sc-jnlKLf kZXDiE"
>
  <div
    className="sc-htoDjs deLdjq"
  >
    <span>
      Span
    </span>
    <button>
      Button
    </button>
    <div>
      Div
    </div>
  </div>
</div>
`;
